1860  287.14
1861  287.29
1862  287.44
1863  287.61
1864  287.79
1865  287.97
1866  288.15
1867  288.33
1868  288.52
1869  288.72
1870  288.92
1871  289.12
1872  289.32
1873  289.53
1874  289.75
1875  289.97
1876  290.19
1877  290.41
1878  290.64
1879  290.88
1880  291.12
1881  291.37
1882  291.61
1883  291.85
1884  292.11
1885  292.36
1886  292.61
1887  292.87
1888  293.12
1889  293.38
1890  293.65
1891  293.91
1892  294.17
1893  294.44
1894  294.71
1895  294.98
1896  295.26
1897  295.54
1898  295.81
1899  296.09
1900  296.37
1901  296.64
1902  296.92
1903  297.19
1904  297.47
1905  297.75
1906  298.03
1907  298.31
1908  298.59
1909  298.87
1910  299.16
1911  299.48
1912  299.79
1913  300.10
1914  300.42
1915  300.74
1916  301.09
1917  301.44
1918  301.80
1919  302.15
1920  302.51
1921  302.89
1922  303.28
1923  303.66
1924  304.05
1925  304.44
1926  304.82
1927  305.21
1928  305.59
1929  305.97
1930  306.36
1931  306.73
1932  307.08
1933  307.43
1934  307.78
1935  308.13
1936  308.46
1937  308.73
1938  309.00
1939  309.26
1940  309.52
1941  309.78
1942  309.97
1943  310.14
1944  310.31
1945  310.48
1946  310.65
1947  310.85
1948  311.07
1949  311.29
1950  311.52
1951  311.74
1952  312.03
1953  312.45
1954  312.88
1955  313.31
1956  313.73
1957  314.20
1958  314.81
1959  315.53
1960  316.44
1961  317.15
1962  317.94
1963  318.46
1964  319.06
1965  319.46
1966  320.78
1967  321.53
1968  322.39
1969  323.95
1970  324.98
1971  325.60
1972  326.71
1973  328.91
1974  329.39
1975  330.23
1976  331.14
1977  332.70
1978  334.57
1979  335.79
1980  337.75
1981  339.28
1982  340.47
1983  342.00
1984  343.46
1985  344.95
1986  346.28
1987  348.15
1988  350.39
1989  351.99
1990  353.18
1991  354.45
1992  355.37
1993  356.10
1994  357.61
1995  359.51
1996  361.19
1997  362.50
1998  365.23
1999  367.03
2000  368.22
2001  369.82
2002  371.89
2003  374.38
2004  376.11
2005  378.23
2006  380.28
2007  382.24
2008  384.14
2009  385.77
2010  387.96
2011  389.78
2012  391.86
2013  394.58
